(8, 'margot_S+Si_0.04_600737', 1, 0, 0, 40)
(3, 'genova_S+Si_0.12_050303', 1, 0, 0, 40)
(6, 'genova_S+Si_0.09_891604', 1, 0, 0, 40)
(7, 'margot_S+Si_0.02_395205', 1, 0, 0, 40)
(11, 'genova_S+Si_0.11_575156', 1, 0, 0, 40)
(13, 'genova_S+Si_0.08_321216', 1, 0, 0, 40)
(1, 'genova_S+Si_0.10_252167', 1, 0, 0, 40)
(9, 'margot_S+Si_0.06_725152', 1, 0, 0, 40)
(12, 'genova_S+Si_0.06_685724', 1, 0, 34, 40)
(5, 'genova_S+Si_0.06_220959', 0, 0, 34, 40)
(15, 'margot_S+Si_0.04_987886', 0, 0, 0, 40)
(2, 'margot_S+Si_0.12_502026', 1, 0, 31, 40)
(0, 'margot_S+Si_0.08_183764', 0, 0, 21, 40)
(4, 'margot_S+Si_0.08_762153', 0, 0, 20, 40)
(10, 'margot_S+Si_0.09_789333', 0, 0, 22, 40)
(17, 'genova_S+Si_0.01_875022', 1, 0, 31, 40)
(19, 'genova_S+Si_0.10_744583', 0, 0, 33, 40)
(14, 'margot_S+Si_0.11_056014', 0, 0, 33, 40)
(18, 'margot_S+Si_0.11_144196', 0, 0, 29, 40)
(21, 'margot_S+Si_0.09_553724', 0, 0, 12, 40)
(22, 'genova_S+Si_0.07_955166', 0, 0, 28, 40)
(24, 'genova_S+Si_0.06_607341', 0, 0, 32, 40)
(26, 'genova_S+Si_0.03_517515', 0, 0, 32, 40)
(27, 'genova_S+Si_0.06_549748', 1, 0, 32, 40)
(23, 'margot_S+Si_0.07_471547', 0, 0, 5, 40)
(25, 'margot_S+Si_0.03_663995', 0, 0, 20, 40)
(29, 'margot_S+Si_0.02_219388', 0, 0, 18, 40)
(28, 'margot_S+Si_0.09_402544', 0, 0, 2, 40)
(16, None, None, None, None, 0)
(20, None, None, None, None, 0)
