(12, 'genova_Si_0.00_899105', 0, 0, 7, 40)
(1, 'margot_S_0.00_537849', 1, 0, 34, 40)
(3, 'genova_S_0.00_629246', 1, 0, 39, 40)
(2, 'genova_S_0.00_555886', 1, 0, 39, 40)
(4, 'margot_S_0.00_326567', 1, 0, 39, 40)
(0, 'margot_S_0.00_322517', 0, 0, 35, 40)
(9, 'genova_S+Si_0.02_492914', 0, 0, 33, 40)
(13, 'margot_Si_0.00_209568', 1, 0, 39, 40)
(11, 'genova_S+Si_0.09_370956', 0, 0, 32, 40)
(7, 'genova_S+Si_0.03_779387', 0, 0, 31, 40)
(6, 'genova_S+Si_0.09_529055', 0, 0, 35, 40)
(8, 'genova_S+Si_0.07_007486', 0, 0, 32, 40)
(5, 'genova_S_0.00_089583', 0, 0, 31, 40)
(10, 'genova_S+Si_0.00_048385', 0, 0, 30, 40)
(14, 'genova_Si_0.00_531786', 1, 0, 39, 40)
(17, 'margot_Si_0.00_716986', 0, 0, 33, 40)
(15, 'genova_Si_0.00_795884', 1, 0, 39, 40)
(16, 'genova_Si_0.00_347324', 1, 0, 38, 40)
(19, 'margot_S+Si_0.10_885686', 0, 0, 32, 40)
(18, 'genova_S+Si_0.02_868965', 0, 0, 31, 40)
