(0, 'genova_S_0.00_912011', 1, 0, 39, 40, 319.72435212135315)
(6, 'genova_S+Si_0.00_912011', 1, 0, 39, 40, 326.6257903575897)
(5, 'genova_S+Si_0.00_629246', 1, 0, 39, 40, 340.35100841522217)
(14, 'genova_S+Si_0.00_221123', 0, 0, 36, 40, 343.0635838508606)
(22, 'genova_S+Si_0.01_214105', 0, 0, 36, 40, 346.3867528438568)
(20, 'genova_S+Si_0.01_393264', 0, 0, 35, 40, 354.0528345108032)
(21, 'genova_S+Si_0.01_028676', 0, 0, 35, 40, 359.6153280735016)
(26, 'genova_S+Si_0.02_445846', 1, 0, 34, 40, 360.14974904060364)
(24, 'genova_S+Si_0.02_128913', 1, 0, 34, 40, 371.5573320388794)
(8, 'genova_S+Si_0.00_145329', 1, 0, 32, 40, 382.1009123325348)
(7, 'genova_S+Si_0.00_593544', 1, 0, 33, 40, 388.73237466812134)
(11, 'genova_S+Si_0.00_822463', 0, 0, 33, 40, 392.33173084259033)
(3, 'genova_S_0.00_971182', 0, 0, 32, 40, 399.35626578330994)
(12, 'genova_S+Si_0.00_971182', 0, 0, 32, 40, 401.3086166381836)
(15, 'genova_S+Si_0.01_008163', 0, 0, 32, 40, 405.043359041214)
(1, 'genova_S_0.00_611727', 1, 0, 32, 40, 410.49045753479004)
(25, 'genova_S+Si_0.02_559568', 1, 0, 32, 40, 417.52764868736267)
(27, 'genova_S+Si_0.02_213814', 1, 0, 32, 40, 419.5252652168274)
(16, 'genova_S+Si_0.01_875022', 1, 0, 31, 40, 425.88891434669495)
(19, 'genova_S+Si_0.01_874964', 0, 0, 31, 40, 426.11126589775085)
(23, 'genova_S+Si_0.01_782778', 0, 0, 31, 40, 437.8073925971985)
(10, 'genova_S+Si_0.00_061314', 0, 0, 32, 40, 439.8696925640106)
(4, 'genova_S_0.00_373645', 0, 0, 31, 40, 441.08003187179565)
(9, 'genova_S+Si_0.00_248659', 0, 0, 32, 40, 455.8697671890259)
(2, 'genova_S_0.00_824204', 0, 0, 31, 40, 466.92792654037476)
(18, 'genova_S+Si_0.01_449346', 0, 0, 31, 40, 469.2443428039551)
(13, 'genova_S+Si_0.00_629484', 0, 0, 30, 40, 495.38240122795105)
(17, 'genova_S+Si_0.01_153284', 0, 0, 31, 40, 497.26144671440125)
(31, 'genova_S+Si_0.02_531786', 0, 0, 33, 40, 388.41825246810913)
(30, 'genova_S+Si_0.02_300902', 0, 0, 31, 40, 397.25903391838074)
(37, 'genova_S+Si_0.03_941594', 1, 0, 33, 40, 361.86748719215393)
(32, 'genova_S+Si_0.02_756913', 0, 0, 32, 40, 403.2567255496979)
(29, 'genova_S+Si_0.02_219273', 1, 0, 31, 40, 425.14624190330505)
(39, 'genova_S+Si_0.03_024195', 1, 0, 34, 40, 366.1860554218292)
(34, 'genova_S+Si_0.02_107443', 0, 0, 32, 40, 405.4132628440857)
(43, 'genova_S+Si_0.03_012779', 0, 0, 33, 40, 362.82316184043884)
(45, 'genova_S+Si_0.03_244443', 0, 0, 32, 40, 387.07274413108826)
(38, 'genova_S+Si_0.03_513416', 1, 0, 31, 40, 420.3801884651184)
(44, 'genova_S+Si_0.03_449346', 0, 0, 34, 40, 396.1462948322296)
(36, 'genova_S+Si_0.02_899105', 0, 0, 32, 40, 442.6929008960724)
(41, 'genova_S+Si_0.03_711227', 0, 0, 34, 40, 424.2946798801422)
(40, 'genova_S+Si_0.03_577533', 0, 0, 32, 40, 427.7628507614136)
(33, 'genova_S+Si_0.02_346967', 0, 0, 31, 40, 477.52605652809143)
(28, 'genova_S+Si_0.02_480918', 0, 0, 30, 40, 517.0708782672882)
(48, 'genova_S+Si_0.03_085799', 0, 0, 32, 40, 399.32093381881714)
(47, 'genova_S+Si_0.03_185195', 0, 0, 33, 40, 414.88093852996826)
(42, 'genova_S+Si_0.03_480918', 0, 0, 32, 40, 441.8829460144043)
(49, 'genova_S+Si_0.03_517515', 0, 0, 32, 40, 408.909485578537)
(54, 'genova_S+Si_0.04_662981', 1, 0, 34, 40, 356.3733968734741)
(55, 'genova_S+Si_0.04_976156', 1, 0, 34, 40, 370.16034865379333)
(51, 'genova_S+Si_0.03_967553', 0, 0, 32, 40, 416.2564072608948)
(53, 'genova_S+Si_0.03_583924', 1, 0, 32, 40, 410.01928091049194)
(35, 'genova_S+Si_0.02_029984', 0, 0, 30, 40, 525.4547595977783)
(50, 'genova_S+Si_0.03_375099', 0, 0, 32, 40, 449.6825222969055)
(56, 'genova_S+Si_0.04_441936', 1, 0, 32, 40, 377.4562072753906)
(57, 'genova_S+Si_0.04_968984', 0, 0, 33, 40, 399.2477102279663)
(60, 'genova_S+Si_0.04_475724', 0, 0, 34, 40, 385.2394468784332)
(62, 'genova_S+Si_0.04_085799', 0, 0, 33, 40, 380.98379611968994)
(58, 'genova_S+Si_0.04_721536', 0, 0, 32, 40, 426.6759834289551)
(65, 'genova_S+Si_0.04_756913', 0, 0, 34, 40, 364.32793974876404)
(61, 'genova_S+Si_0.04_799911', 0, 0, 33, 40, 419.426310300827)
(66, 'genova_S+Si_0.04_506087', 0, 0, 34, 40, 378.41807770729065)
(63, 'genova_S+Si_0.04_206007', 0, 0, 33, 40, 420.58926010131836)
(59, 'genova_S+Si_0.04_697694', 0, 0, 31, 40, 445.20816230773926)
(79, 'genova_S+Si_0.05_594864', 0, 0, 34, 40, 327.7424702644348)
(75, 'genova_S+Si_0.05_765931', 1, 0, 34, 40, 366.3344762325287)
(64, 'genova_S+Si_0.04_573047', 0, 0, 33, 40, 411.1510064601898)
(68, 'genova_S+Si_0.04_669897', 0, 0, 33, 40, 395.49431252479553)
(76, 'genova_S+Si_0.05_449883', 0, 0, 33, 40, 372.15403962135315)
(74, 'genova_S+Si_0.05_392389', 1, 0, 33, 40, 380.44794511795044)
(72, 'genova_S+Si_0.04_326413', 0, 0, 32, 40, 398.777471780777)
(69, 'genova_S+Si_0.04_076325', 0, 0, 32, 40, 411.78778767585754)
(81, 'genova_S+Si_0.05_381416', 0, 0, 34, 40, 350.5255606174469)
(71, 'genova_S+Si_0.04_362503', 0, 0, 32, 40, 411.35530185699463)
(77, 'genova_S+Si_0.05_369044', 0, 0, 32, 40, 384.40445160865784)
(67, 'genova_S+Si_0.04_248133', 0, 0, 32, 40, 440.85995221138)
(70, 'genova_S+Si_0.04_792121', 0, 0, 32, 40, 429.59612226486206)
(73, 'genova_S+Si_0.04_397949', 0, 0, 32, 40, 435.32861161231995)
(78, 'genova_S+Si_0.05_570209', 1, 0, 31, 40, 411.17969393730164)
(80, 'genova_S+Si_0.05_633435', 0, 0, 32, 40, 444.31716132164)
(82, 'genova_S+Si_0.05_448799', 0, 0, 33, 40, 411.6560196876526)
(93, 'genova_S+Si_0.06_685724', 1, 0, 34, 40, 338.4653639793396)
(83, 'genova_S+Si_0.05_721536', 0, 0, 32, 40, 422.34423542022705)
(92, 'genova_S+Si_0.06_551652', 1, 0, 34, 40, 362.71004462242126)
(94, 'genova_S+Si_0.06_905711', 1, 0, 34, 40, 352.0183892250061)
(95, 'genova_S+Si_0.06_220959', 0, 0, 34, 40, 349.73145842552185)
(84, 'genova_S+Si_0.05_782199', 0, 0, 32, 40, 444.5465223789215)
(87, 'genova_S+Si_0.05_993004', 0, 0, 31, 40, 423.6430287361145)
(101, 'genova_S+Si_0.06_546539', 0, 0, 33, 40, 350.12274861335754)
(89, 'genova_S+Si_0.05_697613', 0, 0, 32, 40, 410.7231705188751)
(102, 'genova_S+Si_0.06_315066', 0, 0, 34, 40, 363.37194442749023)
(85, 'genova_S+Si_0.05_405686', 0, 0, 30, 40, 492.77555871009827)
(90, 'genova_S+Si_0.05_406143', 0, 0, 31, 40, 449.1673538684845)
(98, 'genova_S+Si_0.06_715888', 0, 0, 33, 40, 408.5937969684601)
(97, 'genova_S+Si_0.06_281095', 0, 0, 33, 40, 430.84813714027405)
(99, 'genova_S+Si_0.06_485864', 0, 0, 33, 40, 419.67475986480713)
(96, 'genova_S+Si_0.06_117945', 0, 0, 32, 40, 443.98113441467285)
(88, 'genova_S+Si_0.05_755174', 0, 0, 30, 40, 495.33312726020813)
(86, 'genova_S+Si_0.05_341013', 0, 0, 30, 40, 507.62275433540344)
(103, 'genova_S+Si_0.06_784585', 0, 0, 32, 40, 429.8313570022583)
(104, 'genova_S+Si_0.06_260224', 0, 0, 31, 40, 435.18125891685486)
(100, 'genova_S+Si_0.06_607341', 0, 0, 32, 40, 455.78687715530396)
(105, 'genova_S+Si_0.06_561338', 0, 0, 31, 40, 437.6321840286255)
(107, 'genova_S+Si_0.06_549748', 1, 0, 32, 40, 409.4294307231903)
(106, 'genova_S+Si_0.06_986611', 0, 0, 30, 40, 504.036584854126)
(46, None, None, None, None, 0, 1443.1045048236847)
(52, None, None, None, None, 0, 1459.938826084137)
(109, 'genova_S+Si_0.07_549748', 0, 0, 33, 40, 386.7423667907715)
(112, 'genova_S+Si_0.07_341013', 0, 0, 33, 40, 375.69631457328796)
(114, 'genova_S+Si_0.07_335503', 0, 0, 34, 40, 366.77533531188965)
(113, 'genova_S+Si_0.07_346073', 0, 0, 32, 40, 390.516569852829)
(108, 'genova_S+Si_0.06_755174', 0, 0, 31, 40, 442.53432393074036)
(115, 'genova_S+Si_0.07_121335', 0, 0, 34, 40, 393.6058039665222)
(111, 'genova_S+Si_0.07_891604', 0, 0, 33, 40, 433.69549226760864)
(116, 'genova_S+Si_0.07_211427', 0, 0, 33, 40, 410.9502851963043)
(110, 'genova_S+Si_0.07_039784', 0, 0, 32, 40, 459.964795589447)
(118, 'genova_S+Si_0.07_535867', 0, 0, 33, 40, 413.0142776966095)
(120, 'genova_S+Si_0.07_080767', 1, 0, 32, 40, 399.17728757858276)
(121, 'genova_S+Si_0.07_080764', 0, 0, 31, 40, 399.02549028396606)
(127, 'genova_S+Si_0.08_080767', 0, 0, 35, 40, 373.0206265449524)
(122, 'genova_S+Si_0.07_120562', 0, 0, 34, 40, 402.7891240119934)
(117, 'genova_S+Si_0.07_983863', 0, 0, 32, 40, 461.7456419467926)
(124, 'genova_S+Si_0.07_959129', 0, 0, 31, 40, 421.8576326370239)
(126, 'genova_S+Si_0.08_395677', 0, 0, 32, 40, 417.7101457118988)
(123, 'genova_S+Si_0.07_130587', 0, 0, 31, 40, 437.6991846561432)
(129, 'genova_S+Si_0.08_593133', 0, 0, 33, 40, 414.1696116924286)
(125, 'genova_S+Si_0.08_599405', 0, 0, 33, 40, 439.71711683273315)
(131, 'genova_S+Si_0.08_670557', 0, 0, 34, 40, 379.6940505504608)
(128, 'genova_S+Si_0.08_659014', 0, 0, 33, 40, 436.5084056854248)
(130, 'genova_S+Si_0.08_878179', 0, 0, 32, 40, 432.62198424339294)
(132, 'genova_S+Si_0.08_462157', 0, 0, 31, 40, 424.0023190975189)
(134, 'genova_S+Si_0.08_216587', 0, 0, 34, 40, 375.88951683044434)
(137, 'genova_S+Si_0.08_579926', 0, 0, 33, 40, 385.05435824394226)
(133, 'genova_S+Si_0.08_494695', 0, 0, 31, 40, 465.97548508644104)
(136, 'genova_S+Si_0.08_488022', 0, 0, 34, 40, 389.49955344200134)
(146, 'genova_S+Si_0.09_441938', 0, 0, 33, 40, 330.0108234882355)
(138, 'genova_S+Si_0.08_959129', 0, 0, 32, 40, 414.2435460090637)
(142, 'genova_S+Si_0.08_352338', 1, 0, 32, 40, 372.29431438446045)
(144, 'genova_S+Si_0.09_768056', 1, 0, 34, 40, 368.4378867149353)
(140, 'genova_S+Si_0.08_130587', 0, 0, 32, 40, 406.8983166217804)
(139, 'genova_S+Si_0.08_276027', 0, 0, 32, 40, 436.75477504730225)
(135, 'genova_S+Si_0.08_781475', 0, 0, 31, 40, 462.3332703113556)
(143, 'genova_S+Si_0.08_616159', 0, 0, 31, 40, 439.0833730697632)
(141, 'genova_S+Si_0.08_403447', 0, 0, 33, 40, 456.97747135162354)
(150, 'genova_S+Si_0.09_311774', 0, 0, 34, 40, 397.8095893859863)
(145, 'genova_S+Si_0.09_695876', 0, 0, 33, 40, 445.75732374191284)
(148, 'genova_S+Si_0.09_511555', 0, 0, 32, 40, 427.3820643424988)
(154, 'genova_S+Si_0.09_922313', 0, 0, 32, 40, 396.33679008483887)
(151, 'genova_S+Si_0.09_564072', 0, 0, 32, 40, 424.03234791755676)
(147, 'genova_S+Si_0.09_120553', 0, 0, 32, 40, 475.04416942596436)
(152, 'genova_S+Si_0.09_297366', 0, 0, 31, 40, 445.3934700489044)
(153, 'genova_S+Si_0.09_429774', 0, 0, 31, 40, 447.8351776599884)
(155, 'genova_S+Si_0.09_831166', 0, 0, 31, 40, 443.92513513565063)
(91, None, None, None, None, 0, 1433.919732093811)
(158, 'genova_S+Si_0.10_177615', 0, 0, 34, 40, 437.63453435897827)
(160, 'genova_S+Si_0.10_409837', 0, 0, 35, 40, 391.3250892162323)
(162, 'genova_S+Si_0.10_556016', 0, 0, 34, 40, 402.0075762271881)
(159, 'genova_S+Si_0.10_744583', 0, 0, 33, 40, 444.7198691368103)
(161, 'genova_S+Si_0.10_094404', 0, 0, 34, 40, 422.3868508338928)
(164, 'genova_S+Si_0.10_499814', 0, 0, 33, 40, 410.30062651634216)
(165, 'genova_S+Si_0.10_286539', 0, 0, 32, 40, 430.4794428348541)
(167, 'genova_S+Si_0.10_852471', 0, 0, 33, 40, 415.06381130218506)
(166, 'genova_S+Si_0.10_521536', 1, 0, 32, 40, 416.7945017814636)
(168, 'genova_S+Si_0.10_120566', 0, 0, 35, 40, 423.1770079135895)
(169, 'genova_S+Si_0.10_339774', 0, 0, 31, 40, 456.9878852367401)
(172, 'genova_S+Si_0.11_854534', 0, 0, 35, 40, 403.89332032203674)
(174, 'genova_S+Si_0.11_244979', 0, 0, 33, 40, 415.3289797306061)
(171, 'genova_S+Si_0.11_470507', 1, 0, 31, 40, 449.70561051368713)
(173, 'genova_S+Si_0.11_205315', 0, 0, 32, 40, 441.15355825424194)
(175, 'genova_S+Si_0.11_869345', 0, 0, 34, 40, 426.7877993583679)
(176, 'genova_S+Si_0.11_143626', 0, 0, 34, 40, 417.64774346351624)
(179, 'genova_S+Si_0.11_215164', 0, 0, 35, 40, 384.35834860801697)
(178, 'genova_S+Si_0.11_309685', 0, 0, 34, 40, 416.1925537586212)
(180, 'genova_S+Si_0.11_577113', 0, 0, 33, 40, 415.513365983963)
(177, 'genova_S+Si_0.11_098384', 0, 0, 33, 40, 475.4851233959198)
(181, 'genova_S+Si_0.11_025274', 0, 0, 33, 40, 403.28206038475037)
(119, None, None, None, None, 0, 1439.6148636341095)
(182, 'genova_S+Si_0.11_141841', 0, 0, 32, 40, 441.82229495048523)
(184, 'genova_S+Si_0.11_895287', 0, 0, 33, 40, 398.53035616874695)
(186, 'genova_S+Si_0.11_749314', 0, 0, 33, 40, 404.54223442077637)
(185, 'genova_S+Si_0.11_331109', 0, 0, 32, 40, 428.4818043708801)
(183, 'genova_S+Si_0.11_698417', 0, 0, 34, 40, 458.0510473251343)
(187, 'genova_S+Si_0.12_395363', 0, 0, 32, 40, 402.68564891815186)
(189, 'genova_S+Si_0.12_095269', 0, 0, 35, 40, 391.34466218948364)
(199, 'genova_Si_0.00_544991', 0, 0, 21, 40, 269.2557029724121)
(192, 'genova_S+Si_0.12_044286', 0, 0, 34, 40, 386.26500272750854)
(188, 'genova_S+Si_0.12_036076', 0, 0, 32, 40, 442.3009829521179)
(191, 'genova_S+Si_0.12_243404', 0, 0, 34, 40, 439.5195643901825)
(193, 'genova_Si_0.00_368483', 1, 0, 39, 40, 392.6853737831116)
(194, 'genova_Si_0.00_707865', 1, 0, 39, 40, 380.7210009098053)
(198, 'genova_Si_0.00_698417', 0, 0, 30, 40, 388.3826129436493)
(195, 'genova_Si_0.00_548089', 1, 0, 39, 40, 423.2490508556366)
(197, 'genova_Si_0.00_781337', 1, 0, 38, 40, 402.86205649375916)
(196, 'genova_Si_0.00_892897', 1, 0, 38, 40, 410.464572429657)
(201, 'margot_S_0.00_603556', 0, 0, 36, 40, 361.41555857658386)
(200, 'margot_S_0.00_348254', 0, 0, 32, 40, 395.95313453674316)
(204, 'margot_S+Si_0.00_326567', 1, 0, 39, 40, 339.00899958610535)
(203, 'margot_S_0.00_485809', 0, 0, 32, 40, 408.3546390533447)
(202, 'margot_S_0.00_837244', 0, 0, 32, 40, 433.81506085395813)
(205, 'margot_S+Si_0.00_188888', 0, 0, 34, 40, 376.6823923587799)
(149, None, None, None, None, 0, 1428.7316362857819)
(206, 'margot_S+Si_0.00_473362', 0, 0, 35, 40, 369.3502962589264)
(208, 'margot_S+Si_0.01_518042', 1, 0, 34, 40, 354.8625912666321)
(207, 'margot_S+Si_0.00_485809', 0, 0, 32, 40, 398.6321563720703)
(156, None, None, None, None, 0, 1440.7726702690125)
(157, None, None, None, None, 0, 1451.1853337287903)
(214, 'margot_S+Si_0.01_888126', 0, 0, 36, 40, 355.5442051887512)
(211, 'margot_S+Si_0.01_182956', 0, 0, 31, 40, 410.71725130081177)
(209, 'margot_S+Si_0.01_971614', 0, 0, 32, 40, 435.8619487285614)
(212, 'margot_S+Si_0.01_309077', 0, 0, 32, 40, 429.6699080467224)
(217, 'margot_S+Si_0.02_773015', 0, 0, 33, 40, 365.8532576560974)
(213, 'margot_S+Si_0.01_860134', 0, 0, 32, 40, 404.52105832099915)
(216, 'margot_S+Si_0.02_002246', 0, 0, 34, 40, 377.27939558029175)
(210, 'margot_S+Si_0.01_894822', 0, 0, 31, 40, 472.9855923652649)
(220, 'margot_S+Si_0.03_535762', 0, 0, 34, 40, 337.6075897216797)
(223, 'margot_S+Si_0.04_104722', 0, 0, 34, 40, 336.89434933662415)
(215, 'margot_S+Si_0.01_028674', 0, 0, 30, 40, 474.2611184120178)
(218, 'margot_S+Si_0.02_104722', 0, 0, 31, 40, 415.970094203949)
(219, 'margot_S+Si_0.03_455647', 0, 0, 31, 40, 431.8059935569763)
(221, 'margot_S+Si_0.03_551723', 0, 0, 32, 40, 430.66522002220154)
(222, 'margot_S+Si_0.03_894822', 0, 0, 32, 40, 431.1306300163269)
(224, 'margot_S+Si_0.04_028674', 0, 0, 34, 40, 367.9493045806885)
(163, None, None, None, None, 0, 1431.9980370998383)
(227, 'margot_S+Si_0.06_199915', 1, 0, 33, 40, 359.1613698005676)
(225, 'margot_S+Si_0.05_963465', 0, 0, 33, 40, 410.4684970378876)
(170, None, None, None, None, 0, 1414.8705694675446)
(226, 'margot_S+Si_0.06_995807', 1, 0, 32, 40, 430.8493914604187)
(228, 'margot_S+Si_0.06_638797', 0, 0, 34, 40, 395.06075716018677)
(229, 'margot_S+Si_0.06_174177', 0, 0, 32, 40, 384.0443127155304)
(230, 'margot_S+Si_0.07_174177', 0, 0, 34, 40, 402.58681082725525)
(232, 'margot_S+Si_0.07_239682', 0, 0, 32, 40, 379.107994556427)
(233, 'margot_S+Si_0.08_016864', 1, 0, 32, 40, 365.45348024368286)
(231, 'margot_S+Si_0.07_557771', 1, 0, 31, 40, 420.20721793174744)
(235, 'margot_S+Si_0.08_112987', 0, 0, 34, 40, 393.9944109916687)
(236, 'margot_S+Si_0.08_977453', 0, 0, 32, 40, 399.310254573822)
(234, 'margot_S+Si_0.08_125873', 0, 0, 32, 40, 414.1590461730957)
(239, 'margot_S+Si_0.09_927596', 0, 0, 34, 40, 395.1663384437561)
(241, 'margot_S+Si_0.09_459582', 0, 0, 33, 40, 388.05748319625854)
(237, 'margot_S+Si_0.08_619703', 1, 0, 32, 40, 417.5819652080536)
(240, 'margot_S+Si_0.09_810075', 0, 0, 32, 40, 429.52386713027954)
(238, 'margot_S+Si_0.09_937417', 0, 0, 32, 40, 483.1042995452881)
(242, 'margot_S+Si_0.09_928694', 0, 0, 31, 40, 458.27648639678955)
(243, 'margot_S+Si_0.10_718486', 1, 0, 31, 40, 455.3448073863983)
(244, 'margot_S+Si_0.10_883794', 0, 0, 33, 40, 410.6116027832031)
(248, 'margot_S+Si_0.11_810075', 1, 0, 33, 40, 376.9950978755951)
(249, 'margot_S+Si_0.11_687003', 1, 0, 32, 40, 388.55504536628723)
(245, 'margot_S+Si_0.10_136913', 0, 0, 32, 40, 437.5312943458557)
(247, 'margot_S+Si_0.10_327932', 0, 0, 32, 40, 443.91599321365356)
(190, None, None, None, None, 0, 1436.5567355155945)
(250, 'margot_S+Si_0.11_675724', 0, 0, 33, 40, 457.1617021560669)
(256, 'margot_Si_0.00_140454', 1, 0, 39, 40, 396.3723654747009)
(255, 'margot_Si_0.00_263344', 1, 0, 39, 40, 400.4866364002228)
(252, 'margot_S+Si_0.11_028017', 0, 0, 31, 40, 442.1802771091461)
(251, 'margot_S+Si_0.11_056014', 0, 0, 33, 40, 482.1904149055481)
(254, 'margot_S+Si_0.12_502026', 1, 0, 31, 40, 446.96131324768066)
(257, 'margot_Si_0.00_095153', 1, 0, 39, 40, 395.6508765220642)
(258, 'margot_Si_0.00_255153', 1, 0, 39, 40, 398.6989712715149)
(259, 'margot_Si_0.00_209559', 1, 0, 39, 40, 390.4685733318329)
(260, 'margot_Si_0.00_949506', 1, 0, 39, 40, 400.2315146923065)
(261, 'margot_Si_0.00_732384', 1, 0, 39, 40, 387.0064661502838)
(246, None, None, None, None, 0, 1440.9931559562683)
(253, None, None, None, None, 0, 1464.7030386924744)
