genova_SpSi_005_crash_stderr_10m rows ok: 38 of 40
genova_SpSi_010_crash_stderr_later rows ok: 36 of 40
genova_SpSi_010_crash_stderr_10m rows ok: 35 of 40
genova_S_000_crash_stderr_10m rows ok: 36 of 40
genova_SpSi_010_newton_maxit_later rows ok: 35 of 40
genova_Si_000_crash_stderr_later rows ok: 39 of 40
genova_SpSi_005_crash_stderr_later rows ok: 31 of 40
genova_SpSi_010_detJ0_later rows ok: 32 of 40
genova_SpSi_005_newton_maxit_later rows ok: 30 of 40
genova_S_000_crash_stderr_later rows ok: 28 of 40
genova_SpSi_005_detJ0_later rows ok: 30 of 40
genova_Si_000_newton_maxit_later rows ok: 38 of 40
genova_S_000_detJ0_later rows ok: 30 of 40
genova_Si_000_crash_stderr_10m rows ok: 0 of 40
genova_S_000_newton_maxit_later rows ok: 31 of 40
genova_S_000_detJ0_10m rows ok: 0 of 40
genova_Si_000_newton_maxit_10m rows ok: 0 of 40
margot_SpSi_005_crash_stderr_later rows ok: 32 of 40
margot_SpSi_005_crash_stderr_10m rows ok: 5 of 40
margot_SpSi_005_detJ0_10m rows ok: 5 of 40
margot_SpSi_005_detJ0_later rows ok: 20 of 40
margot_SpSi_010_crash_stderr_later rows ok: 32 of 40
margot_SpSi_010_crash_stderr_10m rows ok: 11 of 40
margot_SpSi_010_detJ0_10m rows ok: 3 of 40
margot_SpSi_010_detJ0_later rows ok: 27 of 40
margot_S_000_crash_stderr_10m rows ok: 32 of 40
margot_SpSi_005_newton_maxit_later rows ok: 15 of 40
margot_SpSi_005_newton_maxit_10m rows ok: 15 of 40
margot_Si_000_crash_stderr_later rows ok: 39 of 40
margot_S_000_crash_stderr_later rows ok: 27 of 40
margot_S_000_detJ0_10m rows ok: 0 of 40
margot_SpSi_010_newton_maxit_later rows ok: 20 of 40
margot_Si_000_crash_stderr_10m rows ok: 0 of 40
margot_S_000_detJ0_later rows ok: 20 of 40
margot_Si_000_newton_maxit_later rows ok: 19 of 40
margot_Si_000_newton_maxit_10m rows ok: 0 of 40
margot_S_000_newton_maxit_later rows ok: 15 of 40
wrote v130_measure36.json policy continue wall 3248 s
